AREA .  .ABS.
	RADIX HEX
	BASE 0000
	SIZE 0000
	ATTRIB ABS OVR
	GLOBALS
		l__DATA	0000
		l__HEAP	0000
		l__BSEG	0000
		l_.  .ABS.	0000
		l__GSFINAL	0000
		l__ISEG	0000
		s_.  .ABS.	0000
		s__HEADER	0000
		l__XSEG	0000
		.init	0000
		l__OVERLAY	0000
		l__LIT	0000
		l__GSINIT	0000
		l__GSINITTAIL	0001
		l__BSS	0087
		l__HEADER	01EB
		s__CODE	0200
		l__HOME	03FA
		l__CODE	0A21
		s__HOME	0C21
		l__BASE	0EBA
		s__BASE	101B
		s__GSINITTAIL	1ED5
		s__LIT	1ED5
		s__GSINIT	1ED5
		s__GSFINAL	1ED6
		.OAM	C000
		s__DATA	C0A0
		s__BSS	C0A0
		s__HEAP	C127
		s__BSEG	C127
		s__ISEG	C127
		s__XSEG	C127
		s__OVERLAY	C127
		.STACK	E000
		.refresh_OAM	FF80
AREA _CODE
	RADIX HEX
	BASE 0200
	SIZE 0A21
	ATTRIB REL CON
	GLOBALS
		_main	0200
		_sound	0309
		_gprintn	033F
		.adv_gcurs	03AE
		.circle	03CB
		.horlin	046E
		.verlin	04A6
		.circplot	0502
		.box	0580
		.line	0656
		.xonly	0777
		.yonly	08C6
		.plot	08E7
		.wrbyte	0904
		.getpix	0986
		.wrtchr	09BB
		_gotogxy	0A1F
		_wrtchr	0A2A
		_getpix	0A3F
		_color	0A4B
		_circle	0A5A
		_box	0A74
		_line	0A98
		_plot_point	0AB0
		_plot	0AC4
		__divschar_rrx_s	0AE0
		__divschar_rrx_hds	0AE7
		__modschar_rrx_s	0AEE
		__modschar_rrx_hds	0AF5
		__divsint_rrx_s	0AFA
		__divsint_rrx_hds	0B06
		__modsint_rrx_s	0B0E
		__modsint_rrx_hds	0B1A
		__divuchar_rrx_s	0B20
		__divuchar_rrx_hds	0B27
		__moduchar_rrx_s	0B2E
		__moduchar_rrx_hds	0B35
		__divuint_rrx_s	0B3A
		__divuint_rrx_hds	0B46
		__moduint_rrx_s	0B4E
		__moduint_rrx_hds	0B5A
		.mod8	0B60
		.div8	0B60
		.mod16	0B68
		.div16	0B68
		.modu8	0BA2
		.divu8	0BA2
		.modu16	0BA5
		.divu16	0BA5
		_putchar	0BE2
		_setchar	0BEB
		_gotoxy	0BF4
		_posx	0BFF
		_posy	0C10
AREA _HEADER
	RADIX HEX
	BASE 0000
	SIZE 01EB
	ATTRIB ABS OVR
	GLOBALS
		_exit	01D2
AREA _HOME
	RADIX HEX
	BASE 0C21
	SIZE 03FA
	ATTRIB REL CON
	GLOBALS
		.set_mode	0C21
		.remove_VBL	0C31
		.remove_LCD	0C37
		.remove_TIM	0C3D
		.remove_SIO	0C43
		.remove_JOY	0C49
		.add_VBL	0C4F
		.add_LCD	0C55
		.add_TIM	0C5B
		.add_SIO	0C61
		.add_JOY	0C67
		.remove_int	0C6D
		.add_int	0C8D
		.wait_vbl_done	0CA9
		_wait_vbl_done	0CA9
		_display_off	0CC0
		.display_off	0CC0
		.serial_IO	0CE1
		_mode	0D10
		_get_mode	0D19
		_enable_interrupts	0D1E
		_disable_interrupts	0D20
		_reset	0D22
		.reset	0D22
		_set_interrupts	0D28
		_remove_VBL	0D33
		_remove_LCD	0D3E
		_remove_TIM	0D49
		_remove_SIO	0D54
		_remove_JOY	0D5F
		_add_VBL	0D6A
		_add_LCD	0D75
		_add_TIM	0D80
		_add_SIO	0D8B
		_add_JOY	0D96
		_clock	0DA1
		__printTStates	0DAA
		banked_call	0DAB
		banked_ret	0DC4
		_gprintf	0DCD
		_digits	0FE7
		_gprint	0FFA
AREA _BASE
	RADIX HEX
	BASE 101B
	SIZE 0EBA
	ATTRIB REL CON
	GLOBALS
		.padup	101B
		_waitpadup	101B
		.jpad	102B
		.wait_pad	1058
		_joypad	105F
		_waitpad	1064
		.delay	106E
		_delay	10A8
		.gmode	10B1
		.vbl	1113
		.lcd	111E
		.draw_image	112B
		.switch_data	1135
		_switch_data	116C
		_draw_image	1187
		.y_table	119A
		.init_vram	12BA
		.init_wtt	12C8
		.init_btt	12D8
		.init_tt	12E6
		.copy_vram	12EC
		_get_data	12FB
		_set_data	12FB
		_font_load_ibm_fixed	130E
		_font_ibm_fixed	1315
		_font_ibm_fixed_tiles	1417
		font_copy_uncompressed	1C17
		font_copy_compressed	1C4D
		font_load	1CA2
		font_copy_current	1CEA
		font_set	1D32
		.put_char	1D3F
		.out_char	1D58
		.del_char	1D5F
		_font_load	1DBA
		_font_set	1DC8
		_font_init	1DD7
		_cls	1DF9
		.cls	1DF9
		.cr_curs	1E2B
		.adv_curs	1E40
		.tmode	1E9C
		.tmode_out	1EC5
AREA _LIT
	RADIX HEX
	BASE 1ED5
	SIZE 0000
	ATTRIB REL CON
AREA _GSINIT
	RADIX HEX
	BASE 1ED5
	SIZE 0000
	ATTRIB REL CON
	GLOBALS
		gsinit	1ED5
AREA _GSINITTAIL
	RADIX HEX
	BASE 1ED5
	SIZE 0001
	ATTRIB REL CON
AREA _GSFINAL
	RADIX HEX
	BASE 1ED6
	SIZE 0000
	ATTRIB REL CON
AREA _DATA
	RADIX HEX
	BASE C0A0
	SIZE 0000
	ATTRIB REL CON
AREA _BSS
	RADIX HEX
	BASE C0A0
	SIZE 0087
	ATTRIB REL CON
	GLOBALS
		__cpu	C0A0
		.mode	C0A1
		__io_out	C0A2
		__io_in	C0A3
		__io_status	C0A4
		.vbl_done	C0A5
		__current_bank	C0A6
		_sys_time	C0A7
		.sys_time	C0A7
		.int_0x40	C0A9
		.int_0x48	C0B9
		.int_0x50	C0C9
		.int_0x58	C0D9
		.int_0x60	C0E9
		.fg_colour	C0F9
		.bg_colour	C0FA
		font_current	C10F
		font_first_free_tile	C112
		font_table	C113
		.curx	C125
		.cury	C126
AREA _HEAP
	RADIX HEX
	BASE C127
	SIZE 0000
	ATTRIB REL CON
	GLOBALS
		_malloc_heap_start	C127
AREA _OVERLAY
	RADIX HEX
	BASE C127
	SIZE 0000
	ATTRIB REL CON
AREA _ISEG
	RADIX HEX
	BASE C127
	SIZE 0000
	ATTRIB REL CON
AREA _BSEG
	RADIX HEX
	BASE C127
	SIZE 0000
	ATTRIB REL CON
AREA _XSEG
	RADIX HEX
	BASE C127
	SIZE 0000
	ATTRIB REL CON
MODULES
	FILE /usr/local/Cellar/gbdk/HEAD-0d4a435/libexec/lib/small/asxxxx/gb/crt0.o
		NAME Runtime
	FILE main.o
		NAME lcc109900
LIBRARIES
	LIBRARY /usr/local/Cellar/gbdk/HEAD-0d4a435/libexec/lib/small/asxxxx/gb/gb.lib
		MODULE gprintf.o
	LIBRARY /usr/local/Cellar/gbdk/HEAD-0d4a435/libexec/lib/small/asxxxx/gb/gb.lib
		MODULE gprintn.o
	LIBRARY /usr/local/Cellar/gbdk/HEAD-0d4a435/libexec/lib/small/asxxxx/gb/gb.lib
		MODULE digits.o
	LIBRARY /usr/local/Cellar/gbdk/HEAD-0d4a435/libexec/lib/small/asxxxx/gb/gb.lib
		MODULE pad.o
	LIBRARY /usr/local/Cellar/gbdk/HEAD-0d4a435/libexec/lib/small/asxxxx/gb/gb.lib
		MODULE delay.o
	LIBRARY /usr/local/Cellar/gbdk/HEAD-0d4a435/libexec/lib/small/asxxxx/gb/gb.lib
		MODULE drawing.o
	LIBRARY /usr/local/Cellar/gbdk/HEAD-0d4a435/libexec/lib/small/asxxxx/gb/gb.lib
		MODULE gprint.o
	LIBRARY /usr/local/Cellar/gbdk/HEAD-0d4a435/libexec/lib/small/asxxxx/gb/gb.lib
		MODULE init_tt.o
	LIBRARY /usr/local/Cellar/gbdk/HEAD-0d4a435/libexec/lib/small/asxxxx/gb/gb.lib
		MODULE cpy_data.o
	LIBRARY /usr/local/Cellar/gbdk/HEAD-0d4a435/libexec/lib/small/asxxxx/gb/gb.lib
		MODULE ibmfixed.o
	LIBRARY /usr/local/Cellar/gbdk/HEAD-0d4a435/libexec/lib/small/asxxxx/gbz80/gbz80.lib
		MODULE div.o
	LIBRARY /usr/local/Cellar/gbdk/HEAD-0d4a435/libexec/lib/small/asxxxx/gb/gb.lib
		MODULE font.o
USERBASEDEF
	_CODE=0x0200
	_DATA=0xC0A0
	_CODE_1=0x4000
USERGLOBALDEF
	.OAM=0xC000
	.STACK=0xE000
	.refresh_OAM=0xFF80
	.init=0x0000
